# --------------------------------------------------- // System
gtrash                                                 # cli to manage trash files
# wttrbar                                                # for weather
# python-requests|wttrbar                                # script dependency
ddcui                                                  # GUI to control brightness for external monitors
btop
partitionmanager
tldr
incus
wluma
tmux

# --------------------------------------------------- // Misc
xdg-desktop-portal-gtk                                 # xdg desktop portal using gtk
huiontablet

# --------------------------------------------------- // Gaming
steam                                                  # gaming platform
gamemode                                               # daemon and library for game optimizations
mangohud                                               # system performance overlay

# --------------------------------------------------- // Media
cava                                                   # audio visualizer
spotify                                                # proprietary music streaming service
spicetify-cli                                          # cli to customize spotify client
vlc
jellyfin-media-player

# --------------------------------------------------- // Neovim
neovim
gcc|neovim
make|neovim
git|neovim
ripgrep|neovim
fd|neovim
unzip|neovim
lazygit|neovim
                                              # vim based text editor

texlive-full                                           # Latex
zathura

# --------------------------------------------------- // Shell
oh-my-zsh-git|zsh                                      # Optional plugin manager for zsh
pokemon-colorscripts-git|zsh                           # display pokemon sprites (optional)

# --------------------------------------------------- // Backends
electron                                              # electron backend
docker
docker-compose
virt-manager
qemu-full

# --------------------------------------------------- // Lockscreen
swaylock-effects                                        # swaylock with effects // very minimal lockscreen

# --------------------------------------------------- // OSD
swayosd-git                                             #A GTK based on screen display for keyboard shortcuts like caps-lock and volume

# --------------------------------------------------- // Browser
google-chrome

# --------------------------------------------------- // Power management
auto-cpufreq
thermald|auto-cpufreq

# --------------------------------------------------- // Security
yubikey-manager                                       # Yubikey
yubikey-full-disk-encryption 
pam-u2f

libfprint                                             # Fingerprint
fprintd

wireguard-tools                                       # VPN
openvpn
proton-vpn-gtk-app

bitwarden

# --------------------------------------------------- // Cloud CLI
aws-cli
azure-cli
google-cloud-cli
github-cli

# --------------------------------------------------- // 
gimp
obs-studio
kdenlive
darktable 
freecad
cura-bin

vesktop 
obsidian
slack-desktop
nextcloud-client
zoom

dbeaver
remmina
postman-bin

# --------------------------------------------------- // Languages
gcc 
clang 
cmake 
go 
jdk21-openjdk 
python 
rustup 
ruby 
lua 
nasm 
perl
npm

# --------------------------------------------------- // IDE
pycharm-professional 
intellij-idea-ultimate-edition 
clion 
webstorm 
goland 
rustrover 
# code                                                   # VS Code
android-studio

# --------------------------------------------------- // Red Team - CTF
# Blackarch maybe...
impacket
smbmap
perl-image-exiftool
wireshark-qt
tcpdump
binwalk
android-apktool
android-tools
sqlmap
strace
metasploit
ghidra
zaproxy
nmap
